  Determining projects to restore...
  All projects are up-to-date for restore.
  CinemaBooking.Shared -> D:\CGV_SU26\cgvp\src\CinemaBooking.Shared\bin\Debug\net9.0\CinemaBooking.Shared.dll
  CinemaBooking.Domain -> D:\CGV_SU26\cgvp\src\CinemaBooking.Domain\bin\Debug\net9.0\CinemaBooking.Domain.dll
D:\CGV_SU26\cgvp\src\CinemaBooking.Application\Payments\PaymentService.cs(67,13): error CS1503: Argument 4: cannot convert from 'System.Threading.CancellationToken' to 'string?' [D:\CGV_SU26\cgvp\src\CinemaBooking.Application\CinemaBooking.Application.csproj]

Build FAILED.

D:\CGV_SU26\cgvp\src\CinemaBooking.Application\Payments\PaymentService.cs(67,13): error CS1503: Argument 4: cannot convert from 'System.Threading.CancellationToken' to 'string?' [D:\CGV_SU26\cgvp\src\CinemaBooking.Application\CinemaBooking.Application.csproj]
    0 Warning(s)
    1 Error(s)

Time Elapsed 00:00:01.12
